Archive member included to satisfy reference by file (symbol)

c:/st/stm32cubeide_1.3.0/stm32cubeide/plugins/com.st.stm32cube.ide.mcu.externaltools.gnu-tools-for-stm32.7-2018-q2-update.win32_1.0.0.201904181610/tools/bin/../lib/gcc/arm-none-eabi/7.3.1/../../../../arm-none-eabi/lib/thumb/v7-m\libc_nano.a(lib_a-errno.o)
                              Core/Src/syscalls.o (__errno)
c:/st/stm32cubeide_1.3.0/stm32cubeide/plugins/com.st.stm32cube.ide.mcu.externaltools.gnu-tools-for-stm32.7-2018-q2-update.win32_1.0.0.201904181610/tools/bin/../lib/gcc/arm-none-eabi/7.3.1/../../../../arm-none-eabi/lib/thumb/v7-m\libc_nano.a(lib_a-exit.o)
                              c:/st/stm32cubeide_1.3.0/stm32cubeide/plugins/com.st.stm32cube.ide.mcu.externaltools.gnu-tools-for-stm32.7-2018-q2-update.win32_1.0.0.201904181610/tools/bin/../lib/gcc/arm-none-eabi/7.3.1/../../../../arm-none-eabi/lib/thumb/v7-m/crt0.o (exit)
c:/st/stm32cubeide_1.3.0/stm32cubeide/plugins/com.st.stm32cube.ide.mcu.externaltools.gnu-tools-for-stm32.7-2018-q2-update.win32_1.0.0.201904181610/tools/bin/../lib/gcc/arm-none-eabi/7.3.1/../../../../arm-none-eabi/lib/thumb/v7-m\libc_nano.a(lib_a-impure.o)
                              c:/st/stm32cubeide_1.3.0/stm32cubeide/plugins/com.st.stm32cube.ide.mcu.externaltools.gnu-tools-for-stm32.7-2018-q2-update.win32_1.0.0.201904181610/tools/bin/../lib/gcc/arm-none-eabi/7.3.1/../../../../arm-none-eabi/lib/thumb/v7-m\libc_nano.a(lib_a-exit.o) (_global_impure_ptr)
c:/st/stm32cubeide_1.3.0/stm32cubeide/plugins/com.st.stm32cube.ide.mcu.externaltools.gnu-tools-for-stm32.7-2018-q2-update.win32_1.0.0.201904181610/tools/bin/../lib/gcc/arm-none-eabi/7.3.1/../../../../arm-none-eabi/lib/thumb/v7-m\libc_nano.a(lib_a-init.o)
                              c:/st/stm32cubeide_1.3.0/stm32cubeide/plugins/com.st.stm32cube.ide.mcu.externaltools.gnu-tools-for-stm32.7-2018-q2-update.win32_1.0.0.201904181610/tools/bin/../lib/gcc/arm-none-eabi/7.3.1/../../../../arm-none-eabi/lib/thumb/v7-m/crt0.o (__libc_init_array)
c:/st/stm32cubeide_1.3.0/stm32cubeide/plugins/com.st.stm32cube.ide.mcu.externaltools.gnu-tools-for-stm32.7-2018-q2-update.win32_1.0.0.201904181610/tools/bin/../lib/gcc/arm-none-eabi/7.3.1/../../../../arm-none-eabi/lib/thumb/v7-m\libc_nano.a(lib_a-memset.o)
                              c:/st/stm32cubeide_1.3.0/stm32cubeide/plugins/com.st.stm32cube.ide.mcu.externaltools.gnu-tools-for-stm32.7-2018-q2-update.win32_1.0.0.201904181610/tools/bin/../lib/gcc/arm-none-eabi/7.3.1/../../../../arm-none-eabi/lib/thumb/v7-m/crt0.o (memset)

Allocating common symbols
Common symbol       size              file

uwTick              0x4               Drivers/STM32F1xx_HAL_Driver/Src/stm32f1xx_hal.o
pFlash              0x20              Drivers/STM32F1xx_HAL_Driver/Src/stm32f1xx_hal_flash.o
hspi1               0x58              Core/Src/main.o
hdma_spi1_tx        0x44              Core/Src/main.o

Discarded input sections

 .text          0x0000000000000000        0x0 c:/st/stm32cubeide_1.3.0/stm32cubeide/plugins/com.st.stm32cube.ide.mcu.externaltools.gnu-tools-for-stm32.7-2018-q2-update.win32_1.0.0.201904181610/tools/bin/../lib/gcc/arm-none-eabi/7.3.1/thumb/v7-m/crti.o
 .data          0x0000000000000000        0x0 c:/st/stm32cubeide_1.3.0/stm32cubeide/plugins/com.st.stm32cube.ide.mcu.externaltools.gnu-tools-for-stm32.7-2018-q2-update.win32_1.0.0.201904181610/tools/bin/../lib/gcc/arm-none-eabi/7.3.1/thumb/v7-m/crti.o
 .bss           0x0000000000000000        0x0 c:/st/stm32cubeide_1.3.0/stm32cubeide/plugins/com.st.stm32cube.ide.mcu.externaltools.gnu-tools-for-stm32.7-2018-q2-update.win32_1.0.0.201904181610/tools/bin/../lib/gcc/arm-none-eabi/7.3.1/thumb/v7-m/crti.o
 .data          0x0000000000000000        0x4 c:/st/stm32cubeide_1.3.0/stm32cubeide/plugins/com.st.stm32cube.ide.mcu.externaltools.gnu-tools-for-stm32.7-2018-q2-update.win32_1.0.0.201904181610/tools/bin/../lib/gcc/arm-none-eabi/7.3.1/thumb/v7-m/crtbegin.o
 .text          0x0000000000000000       0x74 c:/st/stm32cubeide_1.3.0/stm32cubeide/plugins/com.st.stm32cube.ide.mcu.externaltools.gnu-tools-for-stm32.7-2018-q2-update.win32_1.0.0.201904181610/tools/bin/../lib/gcc/arm-none-eabi/7.3.1/../../../../arm-none-eabi/lib/thumb/v7-m/crt0.o
 .data          0x0000000000000000        0x0 c:/st/stm32cubeide_1.3.0/stm32cubeide/plugins/com.st.stm32cube.ide.mcu.externaltools.gnu-tools-for-stm32.7-2018-q2-update.win32_1.0.0.201904181610/tools/bin/../lib/gcc/arm-none-eabi/7.3.1/../../../../arm-none-eabi/lib/thumb/v7-m/crt0.o
 .bss           0x0000000000000000        0x0 c:/st/stm32cubeide_1.3.0/stm32cubeide/plugins/com.st.stm32cube.ide.mcu.externaltools.gnu-tools-for-stm32.7-2018-q2-update.win32_1.0.0.201904181610/tools/bin/../lib/gcc/arm-none-eabi/7.3.1/../../../../arm-none-eabi/lib/thumb/v7-m/crt0.o
[...]
Memory Configuration

Name             Origin             Length             Attributes
RAM              0x0000000020000000 0x0000000000005000 xrw
FLASH            0x0000000008000000 0x0000000000010000 xr
*default*        0x0000000000000000 0xffffffffffffffff

Linker script and memory map

LOAD c:/st/stm32cubeide_1.3.0/stm32cubeide/plugins/com.st.stm32cube.ide.mcu.externaltools.gnu-tools-for-stm32.7-2018-q2-update.win32_1.0.0.201904181610/tools/bin/../lib/gcc/arm-none-eabi/7.3.1/thumb/v7-m/crti.o
LOAD c:/st/stm32cubeide_1.3.0/stm32cubeide/plugins/com.st.stm32cube.ide.mcu.externaltools.gnu-tools-for-stm32.7-2018-q2-update.win32_1.0.0.201904181610/tools/bin/../lib/gcc/arm-none-eabi/7.3.1/thumb/v7-m/crtbegin.o
LOAD c:/st/stm32cubeide_1.3.0/stm32cubeide/plugins/com.st.stm32cube.ide.mcu.externaltools.gnu-tools-for-stm32.7-2018-q2-update.win32_1.0.0.201904181610/tools/bin/../lib/gcc/arm-none-eabi/7.3.1/../../../../arm-none-eabi/lib/thumb/v7-m/crt0.o
LOAD Core/Src/fonts.o
LOAD Core/Src/main.o
LOAD Core/Src/st7735.o
LOAD Core/Src/stm32f1xx_hal_msp.o
LOAD Core/Src/stm32f1xx_it.o
LOAD Core/Src/syscalls.o
LOAD Core/Src/sysmem.o
LOAD Core/Src/system_stm32f1xx.o
LOAD Core/Startup/startup_stm32f103c8tx.o
LOAD Drivers/STM32F1xx_HAL_Driver/Src/stm32f1xx_hal.o
LOAD Drivers/STM32F1xx_HAL_Driver/Src/stm32f1xx_hal_cortex.o
LOAD Drivers/STM32F1xx_HAL_Driver/Src/stm32f1xx_hal_dma.o
LOAD Drivers/STM32F1xx_HAL_Driver/Src/stm32f1xx_hal_exti.o
LOAD Drivers/STM32F1xx_HAL_Driver/Src/stm32f1xx_hal_flash.o
LOAD Drivers/STM32F1xx_HAL_Driver/Src/stm32f1xx_hal_flash_ex.o
LOAD Drivers/STM32F1xx_HAL_Driver/Src/stm32f1xx_hal_gpio.o
LOAD Drivers/STM32F1xx_HAL_Driver/Src/stm32f1xx_hal_gpio_ex.o
LOAD Drivers/STM32F1xx_HAL_Driver/Src/stm32f1xx_hal_pwr.o
LOAD Drivers/STM32F1xx_HAL_Driver/Src/stm32f1xx_hal_rcc.o
LOAD Drivers/STM32F1xx_HAL_Driver/Src/stm32f1xx_hal_rcc_ex.o
LOAD Drivers/STM32F1xx_HAL_Driver/Src/stm32f1xx_hal_spi.o
LOAD Drivers/STM32F1xx_HAL_Driver/Src/stm32f1xx_hal_tim.o
LOAD Drivers/STM32F1xx_HAL_Driver/Src/stm32f1xx_hal_tim_ex.o
START GROUP
LOAD c:/st/stm32cubeide_1.3.0/stm32cubeide/plugins/com.st.stm32cube.ide.mcu.externaltools.gnu-tools-for-stm32.7-2018-q2-update.win32_1.0.0.201904181610/tools/bin/../lib/gcc/arm-none-eabi/7.3.1/../../../../arm-none-eabi/lib/thumb/v7-m\libc_nano.a
LOAD c:/st/stm32cubeide_1.3.0/stm32cubeide/plugins/com.st.stm32cube.ide.mcu.externaltools.gnu-tools-for-stm32.7-2018-q2-update.win32_1.0.0.201904181610/tools/bin/../lib/gcc/arm-none-eabi/7.3.1/../../../../arm-none-eabi/lib/thumb/v7-m\libm.a
END GROUP
START GROUP
LOAD c:/st/stm32cubeide_1.3.0/stm32cubeide/plugins/com.st.stm32cube.ide.mcu.externaltools.gnu-tools-for-stm32.7-2018-q2-update.win32_1.0.0.201904181610/tools/bin/../lib/gcc/arm-none-eabi/7.3.1/thumb/v7-m\libgcc.a
LOAD c:/st/stm32cubeide_1.3.0/stm32cubeide/plugins/com.st.stm32cube.ide.mcu.externaltools.gnu-tools-for-stm32.7-2018-q2-update.win32_1.0.0.201904181610/tools/bin/../lib/gcc/arm-none-eabi/7.3.1/../../../../arm-none-eabi/lib/thumb/v7-m\libc_nano.a
END GROUP
START GROUP
LOAD c:/st/stm32cubeide_1.3.0/stm32cubeide/plugins/com.st.stm32cube.ide.mcu.externaltools.gnu-tools-for-stm32.7-2018-q2-update.win32_1.0.0.201904181610/tools/bin/../lib/gcc/arm-none-eabi/7.3.1/thumb/v7-m\libgcc.a
LOAD c:/st/stm32cubeide_1.3.0/stm32cubeide/plugins/com.st.stm32cube.ide.mcu.externaltools.gnu-tools-for-stm32.7-2018-q2-update.win32_1.0.0.201904181610/tools/bin/../lib/gcc/arm-none-eabi/7.3.1/../../../../arm-none-eabi/lib/thumb/v7-m\libc_nano.a
END GROUP
LOAD c:/st/stm32cubeide_1.3.0/stm32cubeide/plugins/com.st.stm32cube.ide.mcu.externaltools.gnu-tools-for-stm32.7-2018-q2-update.win32_1.0.0.201904181610/tools/bin/../lib/gcc/arm-none-eabi/7.3.1/thumb/v7-m/crtend.o
LOAD c:/st/stm32cubeide_1.3.0/stm32cubeide/plugins/com.st.stm32cube.ide.mcu.externaltools.gnu-tools-for-stm32.7-2018-q2-update.win32_1.0.0.201904181610/tools/bin/../lib/gcc/arm-none-eabi/7.3.1/thumb/v7-m/crtn.o
                0x0000000020005000                _estack = (ORIGIN (RAM) + LENGTH (RAM))
                0x0000000000000200                _Min_Heap_Size = 0x200
                0x0000000000000400                _Min_Stack_Size = 0x400

.isr_vector     0x0000000008000000      0x10c
                0x0000000008000000                . = ALIGN (0x4)
 *(.isr_vector)
 .isr_vector    0x0000000008000000      0x10c Core/Startup/startup_stm32f103c8tx.o
                0x0000000008000000                g_pfnVectors
                0x000000000800010c                . = ALIGN (0x4)

.text           0x000000000800010c     0x29a0
                0x000000000800010c                . = ALIGN (0x4)
 *(.text)
 .text          0x000000000800010c       0x40 c:/st/stm32cubeide_1.3.0/stm32cubeide/plugins/com.st.stm32cube.ide.mcu.externaltools.gnu-tools-for-stm32.7-2018-q2-update.win32_1.0.0.201904181610/tools/bin/../lib/gcc/arm-none-eabi/7.3.1/thumb/v7-m/crtbegin.o
 *(.text*)
 .text.demoTFT  0x000000000800014c      0x438 Core/Src/main.o
                0x000000000800014c                demoTFT
 .text.main     0x0000000008000584       0x2a Core/Src/main.o
                0x0000000008000584                main
 .text.SystemClock_Config
                0x00000000080005ae       0x8a Core/Src/main.o
                0x00000000080005ae                SystemClock_Config
 .text.MX_SPI1_Init
                0x0000000008000638       0x6c Core/Src/main.o
 .text.MX_USART2_UART_Init
                0x00000000080006a4        0xc Core/Src/main.o
 .text.MX_DMA_Init
                0x00000000080006b0       0x3c Core/Src/main.o
 .text.MX_GPIO_Init
                0x00000000080006ec       0x98 Core/Src/main.o
 .text.Error_Handler
                0x0000000008000784        0xc Core/Src/main.o
                0x0000000008000784                Error_Handler
 .text.ST7735_GPIO_Init
                0x0000000008000790        0xc Core/Src/st7735.o
 .text.ST7735_Reset
                0x000000000800079c       0x24 Core/Src/st7735.o
 .text.ST7735_WriteCommand
                0x00000000080007c0       0x30 Core/Src/st7735.o
 .text.ST7735_WriteData
                0x00000000080007f0       0x34 Core/Src/st7735.o
 .text.ST7735_ExecuteCommandList
                0x0000000008000824       0x90 Core/Src/st7735.o
 .text.ST7735_SetAddressWindow
                0x00000000080008b4       0x90 Core/Src/st7735.o
 .text.ST7735_WriteChar
                0x0000000008000944       0xec Core/Src/st7735.o
 .text.ST7735_Init
                0x0000000008000a30       0x44 Core/Src/st7735.o
                0x0000000008000a30                ST7735_Init
 .text.ST7735_DrawPixel
                0x0000000008000a74       0x88 Core/Src/st7735.o
                0x0000000008000a74                ST7735_DrawPixel
 .text.ST7735_DrawString
                0x0000000008000afc       0xb4 Core/Src/st7735.o
                0x0000000008000afc                ST7735_DrawString
 .text.ST7735_FillRectangle
                0x0000000008000bb0      0x11c Core/Src/st7735.o
                0x0000000008000bb0                ST7735_FillRectangle
 .text.ST7735_FillScreen
                0x0000000008000ccc       0x38 Core/Src/st7735.o
                0x0000000008000ccc                ST7735_FillScreen
 .text.ST7735_DrawImage
                0x0000000008000d04       0xc8 Core/Src/st7735.o
                0x0000000008000d04                ST7735_DrawImage
 .text.ST7735_Backlight_On
                0x0000000008000dcc       0x18 Core/Src/st7735.o
                0x0000000008000dcc                ST7735_Backlight_On
 .text.ST7735_DrawCircle
                0x0000000008000de4      0x1a2 Core/Src/st7735.o
                0x0000000008000de4                ST7735_DrawCircle
 .text.ST7735_FillTriangle
                0x0000000008000f86      0x2ca Core/Src/st7735.o
                0x0000000008000f86                ST7735_FillTriangle
 .text.ST7735_DrawLine
                0x0000000008001250      0x13a Core/Src/st7735.o
                0x0000000008001250                ST7735_DrawLine
 *fill*         0x000000000800138a        0x2 
 .text.ST7735_DrawFastVLine
                0x000000000800138c       0x98 Core/Src/st7735.o
                0x000000000800138c                ST7735_DrawFastVLine
 .text.ST7735_DrawFastHLine
                0x0000000008001424       0x98 Core/Src/st7735.o
                0x0000000008001424                ST7735_DrawFastHLine
 .text.ST7735_SetRotation
                0x00000000080014bc      0x150 Core/Src/st7735.o
                0x00000000080014bc                ST7735_SetRotation
 .text.ST7735_GetHeight
                0x000000000800160c       0x18 Core/Src/st7735.o
                0x000000000800160c                ST7735_GetHeight
 .text.ST7735_GetWidth
                0x0000000008001624       0x18 Core/Src/st7735.o
                0x0000000008001624                ST7735_GetWidth
 .text.HAL_MspInit
                0x000000000800163c       0x64 Core/Src/stm32f1xx_hal_msp.o
                0x000000000800163c                HAL_MspInit
 .text.HAL_SPI_MspInit
                0x00000000080016a0       0x7c Core/Src/stm32f1xx_hal_msp.o
                0x00000000080016a0                HAL_SPI_MspInit
 .text.NMI_Handler
                0x000000000800171c        0xc Core/Src/stm32f1xx_it.o
                0x000000000800171c                NMI_Handler
 .text.HardFault_Handler
                0x0000000008001728        0x6 Core/Src/stm32f1xx_it.o
                0x0000000008001728                HardFault_Handler
 .text.MemManage_Handler
                0x000000000800172e        0x6 Core/Src/stm32f1xx_it.o
                0x000000000800172e                MemManage_Handler
 .text.BusFault_Handler
                0x0000000008001734        0x6 Core/Src/stm32f1xx_it.o
                0x0000000008001734                BusFault_Handler
 .text.UsageFault_Handler
                0x000000000800173a        0x6 Core/Src/stm32f1xx_it.o
                0x000000000800173a                UsageFault_Handler
 .text.SVC_Handler
                0x0000000008001740        0xc Core/Src/stm32f1xx_it.o
                0x0000000008001740                SVC_Handler
 .text.DebugMon_Handler
                0x000000000800174c        0xc Core/Src/stm32f1xx_it.o
                0x000000000800174c                DebugMon_Handler
 .text.PendSV_Handler
                0x0000000008001758        0xc Core/Src/stm32f1xx_it.o
                0x0000000008001758                PendSV_Handler
 .text.SysTick_Handler
                0x0000000008001764        0xc Core/Src/stm32f1xx_it.o
                0x0000000008001764                SysTick_Handler
 .text.SystemInit
                0x0000000008001770       0x68 Core/Src/system_stm32f1xx.o
                0x0000000008001770                SystemInit
 .text.Reset_Handler
                0x00000000080017d8       0x48 Core/Startup/startup_stm32f103c8tx.o
                0x00000000080017d8                Reset_Handler
 .text.Default_Handler
                0x0000000008001820        0x2 Core/Startup/startup_stm32f103c8tx.o
                0x0000000008001820                RTC_Alarm_IRQHandler
                0x0000000008001820                EXTI2_IRQHandler
                0x0000000008001820                TIM1_CC_IRQHandler
                0x0000000008001820                PVD_IRQHandler
                0x0000000008001820                EXTI3_IRQHandler
                0x0000000008001820                EXTI0_IRQHandler
                0x0000000008001820                I2C2_EV_IRQHandler
                0x0000000008001820                ADC1_2_IRQHandler
                0x0000000008001820                SPI1_IRQHandler
                0x0000000008001820                TAMPER_IRQHandler
                0x0000000008001820                DMA1_Channel4_IRQHandler
                0x0000000008001820                USART3_IRQHandler
                0x0000000008001820                RTC_IRQHandler
                0x0000000008001820                DMA1_Channel7_IRQHandler
                0x0000000008001820                CAN1_RX1_IRQHandler
                0x0000000008001820                TIM4_IRQHandler
                0x0000000008001820                I2C1_EV_IRQHandler
                0x0000000008001820                DMA1_Channel6_IRQHandler
                0x0000000008001820                TIM3_IRQHandler
                0x0000000008001820                RCC_IRQHandler
                0x0000000008001820                TIM1_TRG_COM_IRQHandler
                0x0000000008001820                DMA1_Channel1_IRQHandler
                0x0000000008001820                Default_Handler
                0x0000000008001820                EXTI15_10_IRQHandler
                0x0000000008001820                EXTI9_5_IRQHandler
                0x0000000008001820                SPI2_IRQHandler
                0x0000000008001820                DMA1_Channel5_IRQHandler
                0x0000000008001820                EXTI4_IRQHandler
                0x0000000008001820                USB_LP_CAN1_RX0_IRQHandler
                0x0000000008001820                USB_HP_CAN1_TX_IRQHandler
                0x0000000008001820                DMA1_Channel3_IRQHandler
                0x0000000008001820                TIM1_UP_IRQHandler
                0x0000000008001820                WWDG_IRQHandler
                0x0000000008001820                TIM2_IRQHandler
                0x0000000008001820                TIM1_BRK_IRQHandler
                0x0000000008001820                EXTI1_IRQHandler
                0x0000000008001820                USART2_IRQHandler
                0x0000000008001820                I2C2_ER_IRQHandler
                0x0000000008001820                DMA1_Channel2_IRQHandler
                0x0000000008001820                CAN1_SCE_IRQHandler
                0x0000000008001820                FLASH_IRQHandler
                0x0000000008001820                USART1_IRQHandler
                0x0000000008001820                I2C1_ER_IRQHandler
                0x0000000008001820                USBWakeUp_IRQHandler
 *fill*         0x0000000008001822        0x2 
 .text.HAL_Init
                0x0000000008001824       0x2c Drivers/STM32F1xx_HAL_Driver/Src/stm32f1xx_hal.o
                0x0000000008001824                HAL_Init
 .text.HAL_InitTick
                0x0000000008001850       0x60 Drivers/STM32F1xx_HAL_Driver/Src/stm32f1xx_hal.o
                0x0000000008001850                HAL_InitTick
 .text.HAL_IncTick
                0x00000000080018b0       0x24 Drivers/STM32F1xx_HAL_Driver/Src/stm32f1xx_hal.o
                0x00000000080018b0                HAL_IncTick
 .text.HAL_GetTick
                0x00000000080018d4       0x14 Drivers/STM32F1xx_HAL_Driver/Src/stm32f1xx_hal.o
                0x00000000080018d4                HAL_GetTick
 .text.HAL_Delay
                0x00000000080018e8       0x44 Drivers/STM32F1xx_HAL_Driver/Src/stm32f1xx_hal.o
                0x00000000080018e8                HAL_Delay
 .text.__NVIC_SetPriorityGrouping
                0x000000000800192c       0x48 Drivers/STM32F1xx_HAL_Driver/Src/stm32f1xx_hal_cortex.o
 .text.__NVIC_GetPriorityGrouping
                0x0000000008001974       0x1c Drivers/STM32F1xx_HAL_Driver/Src/stm32f1xx_hal_cortex.o
 .text.__NVIC_EnableIRQ
                0x0000000008001990       0x38 Drivers/STM32F1xx_HAL_Driver/Src/stm32f1xx_hal_cortex.o
 .text.__NVIC_SetPriority
                0x00000000080019c8       0x54 Drivers/STM32F1xx_HAL_Driver/Src/stm32f1xx_hal_cortex.o
 .text.NVIC_EncodePriority
                0x0000000008001a1c       0x64 Drivers/STM32F1xx_HAL_Driver/Src/stm32f1xx_hal_cortex.o
 .text.SysTick_Config
                0x0000000008001a80       0x44 Drivers/STM32F1xx_HAL_Driver/Src/stm32f1xx_hal_cortex.o
 .text.HAL_NVIC_SetPriorityGrouping
                0x0000000008001ac4       0x16 Drivers/STM32F1xx_HAL_Driver/Src/stm32f1xx_hal_cortex.o
                0x0000000008001ac4                HAL_NVIC_SetPriorityGrouping
 .text.HAL_NVIC_SetPriority
                0x0000000008001ada       0x38 Drivers/STM32F1xx_HAL_Driver/Src/stm32f1xx_hal_cortex.o
                0x0000000008001ada                HAL_NVIC_SetPriority
 .text.HAL_NVIC_EnableIRQ
                0x0000000008001b12       0x1c Drivers/STM32F1xx_HAL_Driver/Src/stm32f1xx_hal_cortex.o
                0x0000000008001b12                HAL_NVIC_EnableIRQ
 .text.HAL_SYSTICK_Config
                0x0000000008001b2e       0x18 Drivers/STM32F1xx_HAL_Driver/Src/stm32f1xx_hal_cortex.o
                0x0000000008001b2e                HAL_SYSTICK_Config
 *fill*         0x0000000008001b46        0x2 
 .text.HAL_GPIO_Init
                0x0000000008001b48      0x2b4 Drivers/STM32F1xx_HAL_Driver/Src/stm32f1xx_hal_gpio.o
                0x0000000008001b48                HAL_GPIO_Init
 .text.HAL_GPIO_WritePin
                0x0000000008001dfc       0x30 Drivers/STM32F1xx_HAL_Driver/Src/stm32f1xx_hal_gpio.o
                0x0000000008001dfc                HAL_GPIO_WritePin
 .text.HAL_RCC_OscConfig
                0x0000000008001e2c      0x500 Drivers/STM32F1xx_HAL_Driver/Src/stm32f1xx_hal_rcc.o
                0x0000000008001e2c                HAL_RCC_OscConfig
 .text.HAL_RCC_ClockConfig
                0x000000000800232c      0x1d4 Drivers/STM32F1xx_HAL_Driver/Src/stm32f1xx_hal_rcc.o
                0x000000000800232c                HAL_RCC_ClockConfig
 .text.HAL_RCC_GetSysClockFreq
                0x0000000008002500       0xc4 Drivers/STM32F1xx_HAL_Driver/Src/stm32f1xx_hal_rcc.o
                0x0000000008002500                HAL_RCC_GetSysClockFreq
 .text.RCC_Delay
                0x00000000080025c4       0x3c Drivers/STM32F1xx_HAL_Driver/Src/stm32f1xx_hal_rcc.o
 .text.HAL_SPI_Init
                0x0000000008002600       0xc2 Drivers/STM32F1xx_HAL_Driver/Src/stm32f1xx_hal_spi.o
                0x0000000008002600                HAL_SPI_Init
 .text.HAL_SPI_Transmit
                0x00000000080026c2      0x268 Drivers/STM32F1xx_HAL_Driver/Src/stm32f1xx_hal_spi.o
                0x00000000080026c2                HAL_SPI_Transmit
 .text.SPI_WaitFlagStateUntilTimeout
                0x000000000800292a       0xd4 Drivers/STM32F1xx_HAL_Driver/Src/stm32f1xx_hal_spi.o
 .text.SPI_EndRxTxTransaction
                0x00000000080029fe       0x3c Drivers/STM32F1xx_HAL_Driver/Src/stm32f1xx_hal_spi.o
 *fill*         0x0000000008002a3a        0x2 
 .text.__libc_init_array
                0x0000000008002a3c       0x48 c:/st/stm32cubeide_1.3.0/stm32cubeide/plugins/com.st.stm32cube.ide.mcu.externaltools.gnu-tools-for-stm32.7-2018-q2-update.win32_1.0.0.201904181610/tools/bin/../lib/gcc/arm-none-eabi/7.3.1/../../../../arm-none-eabi/lib/thumb/v7-m\libc_nano.a(lib_a-init.o)
                0x0000000008002a3c                __libc_init_array
 .text.memset   0x0000000008002a84       0x10 c:/st/stm32cubeide_1.3.0/stm32cubeide/plugins/com.st.stm32cube.ide.mcu.externaltools.gnu-tools-for-stm32.7-2018-q2-update.win32_1.0.0.201904181610/tools/bin/../lib/gcc/arm-none-eabi/7.3.1/../../../../arm-none-eabi/lib/thumb/v7-m\libc_nano.a(lib_a-memset.o)
                0x0000000008002a84                memset
 *(.glue_7)
 .glue_7        0x0000000008002a94        0x0 linker stubs
 *(.glue_7t)
 .glue_7t       0x0000000008002a94        0x0 linker stubs
 *(.eh_frame)
 .eh_frame      0x0000000008002a94        0x0 c:/st/stm32cubeide_1.3.0/stm32cubeide/plugins/com.st.stm32cube.ide.mcu.externaltools.gnu-tools-for-stm32.7-2018-q2-update.win32_1.0.0.201904181610/tools/bin/../lib/gcc/arm-none-eabi/7.3.1/thumb/v7-m/crtbegin.o
 *(.init)
 .init          0x0000000008002a94        0x4 c:/st/stm32cubeide_1.3.0/stm32cubeide/plugins/com.st.stm32cube.ide.mcu.externaltools.gnu-tools-for-stm32.7-2018-q2-update.win32_1.0.0.201904181610/tools/bin/../lib/gcc/arm-none-eabi/7.3.1/thumb/v7-m/crti.o
                0x0000000008002a94                _init
 .init          0x0000000008002a98        0x8 c:/st/stm32cubeide_1.3.0/stm32cubeide/plugins/com.st.stm32cube.ide.mcu.externaltools.gnu-tools-for-stm32.7-2018-q2-update.win32_1.0.0.201904181610/tools/bin/../lib/gcc/arm-none-eabi/7.3.1/thumb/v7-m/crtn.o
 *(.fini)
 .fini          0x0000000008002aa0        0x4 c:/st/stm32cubeide_1.3.0/stm32cubeide/plugins/com.st.stm32cube.ide.mcu.externaltools.gnu-tools-for-stm32.7-2018-q2-update.win32_1.0.0.201904181610/tools/bin/../lib/gcc/arm-none-eabi/7.3.1/thumb/v7-m/crti.o
                0x0000000008002aa0                _fini
 .fini          0x0000000008002aa4        0x8 c:/st/stm32cubeide_1.3.0/stm32cubeide/plugins/com.st.stm32cube.ide.mcu.externaltools.gnu-tools-for-stm32.7-2018-q2-update.win32_1.0.0.201904181610/tools/bin/../lib/gcc/arm-none-eabi/7.3.1/thumb/v7-m/crtn.o
                0x0000000008002aac                . = ALIGN (0x4)
                0x0000000008002aac                _etext = .

.vfp11_veneer   0x0000000008002aac        0x0
 .vfp11_veneer  0x0000000008002aac        0x0 linker stubs

.v4_bx          0x0000000008002aac        0x0
 .v4_bx         0x0000000008002aac        0x0 linker stubs

.iplt           0x0000000008002aac        0x0
 .iplt          0x0000000008002aac        0x0 c:/st/stm32cubeide_1.3.0/stm32cubeide/plugins/com.st.stm32cube.ide.mcu.externaltools.gnu-tools-for-stm32.7-2018-q2-update.win32_1.0.0.201904181610/tools/bin/../lib/gcc/arm-none-eabi/7.3.1/thumb/v7-m/crtbegin.o

.rodata         0x0000000008002aac     0xa94c
                0x0000000008002aac                . = ALIGN (0x4)
 *(.rodata)
 .rodata        0x0000000008002aac       0x9a Core/Src/main.o
 *fill*         0x0000000008002b46        0x2 
 .rodata        0x0000000008002b48       0x12 Drivers/STM32F1xx_HAL_Driver/Src/stm32f1xx_hal_rcc.o
 *(.rodata*)
 *fill*         0x0000000008002b5a        0x2 
 .rodata.Font7x10
                0x0000000008002b5c      0x76c Core/Src/fonts.o
 .rodata.Font11x18
                0x00000000080032c8      0xd5c Core/Src/fonts.o
 .rodata.Font16x26
                0x0000000008004024     0x134c Core/Src/fonts.o
 .rodata.test_img_128x128
                0x0000000008005370     0x8000 Core/Src/main.o
                0x0000000008005370                test_img_128x128
 .rodata.init_cmds1
                0x000000000800d370       0x3b Core/Src/st7735.o
 *fill*         0x000000000800d3ab        0x1 
 .rodata.init_cmds2
                0x000000000800d3ac        0xd Core/Src/st7735.o
 *fill*         0x000000000800d3b9        0x3 
 .rodata.init_cmds3
                0x000000000800d3bc       0x2b Core/Src/st7735.o
 *fill*         0x000000000800d3e7        0x1 
 .rodata.AHBPrescTable
                0x000000000800d3e8       0x10 Core/Src/system_stm32f1xx.o
                0x000000000800d3e8                AHBPrescTable
                0x000000000800d3f8                . = ALIGN (0x4)

.rel.dyn        0x000000000800d3f8        0x0
 .rel.iplt      0x000000000800d3f8        0x0 c:/st/stm32cubeide_1.3.0/stm32cubeide/plugins/com.st.stm32cube.ide.mcu.externaltools.gnu-tools-for-stm32.7-2018-q2-update.win32_1.0.0.201904181610/tools/bin/../lib/gcc/arm-none-eabi/7.3.1/thumb/v7-m/crtbegin.o

.ARM.extab      0x000000000800d3f8        0x0
                0x000000000800d3f8                . = ALIGN (0x4)
 *(.ARM.extab* .gnu.linkonce.armextab.*)
                0x000000000800d3f8                . = ALIGN (0x4)

.ARM            0x000000000800d3f8        0x0
                0x000000000800d3f8                . = ALIGN (0x4)
                0x000000000800d3f8                __exidx_start = .
 *(.ARM.exidx*)
                0x000000000800d3f8                __exidx_end = .
                0x000000000800d3f8                . = ALIGN (0x4)

.preinit_array  0x000000000800d3f8        0x0
                0x000000000800d3f8                . = ALIGN (0x4)
                0x000000000800d3f8                PROVIDE (__preinit_array_start = .)
 *(.preinit_array*)
                0x000000000800d3f8                PROVIDE (__preinit_array_end = .)
                0x000000000800d3f8                . = ALIGN (0x4)

.init_array     0x000000000800d3f8        0x4
                0x000000000800d3f8                . = ALIGN (0x4)
                0x000000000800d3f8                PROVIDE (__init_array_start = .)
 *(SORT_BY_NAME(.init_array.*))
 *(.init_array*)
 .init_array    0x000000000800d3f8        0x4 c:/st/stm32cubeide_1.3.0/stm32cubeide/plugins/com.st.stm32cube.ide.mcu.externaltools.gnu-tools-for-stm32.7-2018-q2-update.win32_1.0.0.201904181610/tools/bin/../lib/gcc/arm-none-eabi/7.3.1/thumb/v7-m/crtbegin.o
                0x000000000800d3fc                PROVIDE (__init_array_end = .)
                0x000000000800d3fc                . = ALIGN (0x4)

.fini_array     0x000000000800d3fc        0x4
                0x000000000800d3fc                . = ALIGN (0x4)
                [!provide]                        PROVIDE (__fini_array_start = .)
 *(SORT_BY_NAME(.fini_array.*))
 *(.fini_array*)
 .fini_array    0x000000000800d3fc        0x4 c:/st/stm32cubeide_1.3.0/stm32cubeide/plugins/com.st.stm32cube.ide.mcu.externaltools.gnu-tools-for-stm32.7-2018-q2-update.win32_1.0.0.201904181610/tools/bin/../lib/gcc/arm-none-eabi/7.3.1/thumb/v7-m/crtbegin.o
                [!provide]                        PROVIDE (__fini_array_end = .)
                0x000000000800d400                . = ALIGN (0x4)
                0x000000000800d400                _sidata = LOADADDR (.data)

.data           0x0000000020000000       0x30 load address 0x000000000800d400
                0x0000000020000000                . = ALIGN (0x4)
                0x0000000020000000                _sdata = .
 *(.data)
 *(.data*)
 .data.Font_7x10
                0x0000000020000000        0x8 Core/Src/fonts.o
                0x0000000020000000                Font_7x10
 .data.Font_11x18
                0x0000000020000008        0x8 Core/Src/fonts.o
                0x0000000020000008                Font_11x18
 .data.Font_16x26
                0x0000000020000010        0x8 Core/Src/fonts.o
                0x0000000020000010                Font_16x26
 .data._data_rotation
                0x0000000020000018        0x4 Core/Src/st7735.o
 .data._height  0x000000002000001c        0x2 Core/Src/st7735.o
 .data._width   0x000000002000001e        0x2 Core/Src/st7735.o
 .data._xstart  0x0000000020000020        0x1 Core/Src/st7735.o
 .data._ystart  0x0000000020000021        0x1 Core/Src/st7735.o
 *fill*         0x0000000020000022        0x2 
 .data.SystemCoreClock
                0x0000000020000024        0x4 Core/Src/system_stm32f1xx.o
                0x0000000020000024                SystemCoreClock
 .data.uwTickPrio
                0x0000000020000028        0x4 Drivers/STM32F1xx_HAL_Driver/Src/stm32f1xx_hal.o
                0x0000000020000028                uwTickPrio
 .data.uwTickFreq
                0x000000002000002c        0x1 Drivers/STM32F1xx_HAL_Driver/Src/stm32f1xx_hal.o
                0x000000002000002c                uwTickFreq
                0x0000000020000030                . = ALIGN (0x4)
 *fill*         0x000000002000002d        0x3 
                0x0000000020000030                _edata = .

.igot.plt       0x0000000020000030        0x0 load address 0x000000000800d430
 .igot.plt      0x0000000020000030        0x0 c:/st/stm32cubeide_1.3.0/stm32cubeide/plugins/com.st.stm32cube.ide.mcu.externaltools.gnu-tools-for-stm32.7-2018-q2-update.win32_1.0.0.201904181610/tools/bin/../lib/gcc/arm-none-eabi/7.3.1/thumb/v7-m/crtbegin.o
                0x0000000020000030                . = ALIGN (0x4)

.bss            0x0000000020000030       0xc0 load address 0x000000000800d430
                0x0000000020000030                _sbss = .
                0x0000000020000030                __bss_start__ = _sbss
 *(.bss)
 .bss           0x0000000020000030       0x1c c:/st/stm32cubeide_1.3.0/stm32cubeide/plugins/com.st.stm32cube.ide.mcu.externaltools.gnu-tools-for-stm32.7-2018-q2-update.win32_1.0.0.201904181610/tools/bin/../lib/gcc/arm-none-eabi/7.3.1/thumb/v7-m/crtbegin.o
 *(.bss*)
 .bss.r         0x000000002000004c        0x1 Core/Src/main.o
                0x000000002000004c                r
 .bss._value_rotation
                0x000000002000004d        0x1 Core/Src/st7735.o
 *(COMMON)
 *fill*         0x000000002000004e        0x2 
 COMMON         0x0000000020000050       0x9c Core/Src/main.o
                0x0000000020000050                hspi1
                0x00000000200000a8                hdma_spi1_tx
 COMMON         0x00000000200000ec        0x4 Drivers/STM32F1xx_HAL_Driver/Src/stm32f1xx_hal.o
                0x00000000200000ec                uwTick
                0x00000000200000f0                . = ALIGN (0x4)
                0x00000000200000f0                _ebss = .
                0x00000000200000f0                __bss_end__ = _ebss

._user_heap_stack
                0x00000000200000f0      0x600 load address 0x000000000800d430
                0x00000000200000f0                . = ALIGN (0x8)
                0x00000000200000f0                PROVIDE (end = .)
                [!provide]                        PROVIDE (_end = .)
                0x00000000200002f0                . = (. + _Min_Heap_Size)
 *fill*         0x00000000200000f0      0x200 
                0x00000000200006f0                . = (. + _Min_Stack_Size)
 *fill*         0x00000000200002f0      0x400 
                0x00000000200006f0                . = ALIGN (0x8)

/DISCARD/
 libc.a(*)
 libm.a(*)
 libgcc.a(*)

.ARM.attributes
                0x0000000000000000       0x29
 *(.ARM.attributes)
 .ARM.attributes
                0x0000000000000000       0x1d c:/st/stm32cubeide_1.3.0/stm32cubeide/plugins/com.st.stm32cube.ide.mcu.externaltools.gnu-tools-for-stm32.7-2018-q2-update.win32_1.0.0.201904181610/tools/bin/../lib/gcc/arm-none-eabi/7.3.1/thumb/v7-m/crti.o
 .ARM.attributes
                0x000000000000001d       0x2d c:/st/stm32cubeide_1.3.0/stm32cubeide/plugins/com.st.stm32cube.ide.mcu.externaltools.gnu-tools-for-stm32.7-2018-q2-update.win32_1.0.0.201904181610/tools/bin/../lib/gcc/arm-none-eabi/7.3.1/thumb/v7-m/crtbegin.o
 .ARM.attributes
                0x000000000000004a       0x33 Core/Src/fonts.o
 .ARM.attributes
                0x000000000000007d       0x33 Core/Src/main.o
 .ARM.attributes
                0x00000000000000b0       0x33 Core/Src/st7735.o
 .ARM.attributes
                0x00000000000000e3       0x33 Core/Src/stm32f1xx_hal_msp.o
 .ARM.attributes
                0x0000000000000116       0x33 Core/Src/stm32f1xx_it.o
 .ARM.attributes
                0x0000000000000149       0x33 Core/Src/system_stm32f1xx.o
 .ARM.attributes
                0x000000000000017c       0x21 Core/Startup/startup_stm32f103c8tx.o
 .ARM.attributes
                0x000000000000019d       0x33 Drivers/STM32F1xx_HAL_Driver/Src/stm32f1xx_hal.o
 .ARM.attributes
                0x00000000000001d0       0x33 Drivers/STM32F1xx_HAL_Driver/Src/stm32f1xx_hal_cortex.o
 .ARM.attributes
                0x0000000000000203       0x33 Drivers/STM32F1xx_HAL_Driver/Src/stm32f1xx_hal_gpio.o
 .ARM.attributes
                0x0000000000000236       0x33 Drivers/STM32F1xx_HAL_Driver/Src/stm32f1xx_hal_rcc.o
 .ARM.attributes
                0x0000000000000269       0x33 Drivers/STM32F1xx_HAL_Driver/Src/stm32f1xx_hal_spi.o
 .ARM.attributes
                0x000000000000029c       0x2d c:/st/stm32cubeide_1.3.0/stm32cubeide/plugins/com.st.stm32cube.ide.mcu.externaltools.gnu-tools-for-stm32.7-2018-q2-update.win32_1.0.0.201904181610/tools/bin/../lib/gcc/arm-none-eabi/7.3.1/../../../../arm-none-eabi/lib/thumb/v7-m\libc_nano.a(lib_a-init.o)
 .ARM.attributes
                0x00000000000002c9       0x2d c:/st/stm32cubeide_1.3.0/stm32cubeide/plugins/com.st.stm32cube.ide.mcu.externaltools.gnu-tools-for-stm32.7-2018-q2-update.win32_1.0.0.201904181610/tools/bin/../lib/gcc/arm-none-eabi/7.3.1/../../../../arm-none-eabi/lib/thumb/v7-m\libc_nano.a(lib_a-memset.o)
 .ARM.attributes
                0x00000000000002f6       0x1d c:/st/stm32cubeide_1.3.0/stm32cubeide/plugins/com.st.stm32cube.ide.mcu.externaltools.gnu-tools-for-stm32.7-2018-q2-update.win32_1.0.0.201904181610/tools/bin/../lib/gcc/arm-none-eabi/7.3.1/thumb/v7-m/crtn.o
OUTPUT(STM32_Display_1.0.elf elf32-littlearm)

.debug_info     0x0000000000000000     0x703a
 .debug_info    0x0000000000000000      0x19c Core/Src/fonts.o
 .debug_info    0x000000000000019c      0xc2b Core/Src/main.o
 .debug_info    0x0000000000000dc7     0x1d9a Core/Src/st7735.o
 .debug_info    0x0000000000002b61      0x887 Core/Src/stm32f1xx_hal_msp.o
 .debug_info    0x00000000000033e8      0x1fa Core/Src/stm32f1xx_it.o
 .debug_info    0x00000000000035e2      0x433 Core/Src/system_stm32f1xx.o
 .debug_info    0x0000000000003a15       0x22 Core/Startup/startup_stm32f103c8tx.o
 .debug_info    0x0000000000003a37      0x6fe Drivers/STM32F1xx_HAL_Driver/Src/stm32f1xx_hal.o
 .debug_info    0x0000000000004135      0xb46 Drivers/STM32F1xx_HAL_Driver/Src/stm32f1xx_hal_cortex.o
 .debug_info    0x0000000000004c7b      0x681 Drivers/STM32F1xx_HAL_Driver/Src/stm32f1xx_hal_gpio.o
 .debug_info    0x00000000000052fc      0x804 Drivers/STM32F1xx_HAL_Driver/Src/stm32f1xx_hal_rcc.o
 .debug_info    0x0000000000005b00     0x153a Drivers/STM32F1xx_HAL_Driver/Src/stm32f1xx_hal_spi.o

.debug_abbrev   0x0000000000000000     0x1448
 .debug_abbrev  0x0000000000000000       0xa1 Core/Src/fonts.o
 .debug_abbrev  0x00000000000000a1      0x249 Core/Src/main.o
 .debug_abbrev  0x00000000000002ea      0x2d6 Core/Src/st7735.o
 .debug_abbrev  0x00000000000005c0      0x18c Core/Src/stm32f1xx_hal_msp.o
 .debug_abbrev  0x000000000000074c       0xc6 Core/Src/stm32f1xx_it.o
 .debug_abbrev  0x0000000000000812      0x134 Core/Src/system_stm32f1xx.o
 .debug_abbrev  0x0000000000000946       0x12 Core/Startup/startup_stm32f103c8tx.o
 .debug_abbrev  0x0000000000000958      0x1d8 Drivers/STM32F1xx_HAL_Driver/Src/stm32f1xx_hal.o
 .debug_abbrev  0x0000000000000b30      0x2d5 Drivers/STM32F1xx_HAL_Driver/Src/stm32f1xx_hal_cortex.o
 .debug_abbrev  0x0000000000000e05      0x1c0 Drivers/STM32F1xx_HAL_Driver/Src/stm32f1xx_hal_gpio.o
 .debug_abbrev  0x0000000000000fc5      0x243 Drivers/STM32F1xx_HAL_Driver/Src/stm32f1xx_hal_rcc.o
 .debug_abbrev  0x0000000000001208      0x240 Drivers/STM32F1xx_HAL_Driver/Src/stm32f1xx_hal_spi.o

.debug_aranges  0x0000000000000000      0x710
 .debug_aranges
                0x0000000000000000       0x18 Core/Src/fonts.o
 .debug_aranges
                0x0000000000000018       0x58 Core/Src/main.o
 .debug_aranges
                0x0000000000000070      0x128 Core/Src/st7735.o
 .debug_aranges
                0x0000000000000198       0x30 Core/Src/stm32f1xx_hal_msp.o
 .debug_aranges
                0x00000000000001c8       0x60 Core/Src/stm32f1xx_it.o
 .debug_aranges
                0x0000000000000228       0x28 Core/Src/system_stm32f1xx.o
 .debug_aranges
                0x0000000000000250       0x28 Core/Startup/startup_stm32f103c8tx.o
 .debug_aranges
                0x0000000000000278       0xe0 Drivers/STM32F1xx_HAL_Driver/Src/stm32f1xx_hal.o
 .debug_aranges
                0x0000000000000358      0x100 Drivers/STM32F1xx_HAL_Driver/Src/stm32f1xx_hal_cortex.o
 .debug_aranges
                0x0000000000000458       0x58 Drivers/STM32F1xx_HAL_Driver/Src/stm32f1xx_hal_gpio.o
 .debug_aranges
                0x00000000000004b0       0x90 Drivers/STM32F1xx_HAL_Driver/Src/stm32f1xx_hal_rcc.o
 .debug_aranges
                0x0000000000000540      0x1d0 Drivers/STM32F1xx_HAL_Driver/Src/stm32f1xx_hal_spi.o

.debug_macro    0x0000000000000000    0x133f5
 .debug_macro   0x0000000000000000       0x6d Core/Src/fonts.o
 .debug_macro   0x000000000000006d      0xa5a Core/Src/fonts.o
 .debug_macro   0x0000000000000ac7       0x22 Core/Src/fonts.o
 .debug_macro   0x0000000000000ae9       0x8e Core/Src/fonts.o
 .debug_macro   0x0000000000000b77       0x51 Core/Src/fonts.o
 .debug_macro   0x0000000000000bc8       0xef Core/Src/fonts.o
 .debug_macro   0x0000000000000cb7       0x6a Core/Src/fonts.o
 .debug_macro   0x0000000000000d21      0x1df Core/Src/fonts.o
 .debug_macro   0x0000000000000f00      0x1d1 Core/Src/main.o
 .debug_macro   0x00000000000010d1      0x215 Core/Src/main.o
 .debug_macro   0x00000000000012e6       0x2e Core/Src/main.o
 .debug_macro   0x0000000000001314       0x22 Core/Src/main.o
 .debug_macro   0x0000000000001336       0x1c Core/Src/main.o
 .debug_macro   0x0000000000001352       0x22 Core/Src/main.o
 .debug_macro   0x0000000000001374       0xc3 Core/Src/main.o
 .debug_macro   0x0000000000001437      0xd23 Core/Src/main.o
 .debug_macro   0x000000000000215a     0xe09e Core/Src/main.o
 .debug_macro   0x00000000000101f8       0x43 Core/Src/main.o
 .debug_macro   0x000000000001023b      0x174 Core/Src/main.o
 .debug_macro   0x00000000000103af       0x5a Core/Src/main.o
 .debug_macro   0x0000000000010409      0x5be Core/Src/main.o
 .debug_macro   0x00000000000109c7      0x289 Core/Src/main.o
 .debug_macro   0x0000000000010c50      0x1cb Core/Src/main.o
 .debug_macro   0x0000000000010e1b      0x114 Core/Src/main.o
 .debug_macro   0x0000000000010f2f      0x1b2 Core/Src/main.o
 .debug_macro   0x00000000000110e1       0x27 Core/Src/main.o
 .debug_macro   0x0000000000011108      0x136 Core/Src/main.o
 .debug_macro   0x000000000001123e      0x1bc Core/Src/main.o
 .debug_macro   0x00000000000113fa       0x34 Core/Src/main.o
 .debug_macro   0x000000000001142e       0x3c Core/Src/main.o
 .debug_macro   0x000000000001146a       0x57 Core/Src/main.o
 .debug_macro   0x00000000000114c1       0x88 Core/Src/main.o
 .debug_macro   0x0000000000011549      0x241 Core/Src/main.o
 .debug_macro   0x000000000001178a      0x141 Core/Src/main.o
 .debug_macro   0x00000000000118cb      0x217 Core/Src/main.o
 .debug_macro   0x0000000000011ae2       0x83 Core/Src/main.o
 .debug_macro   0x0000000000011b65       0x34 Core/Src/main.o
 .debug_macro   0x0000000000011b99       0x28 Core/Src/main.o
 .debug_macro   0x0000000000011bc1       0x22 Core/Src/main.o
 .debug_macro   0x0000000000011be3      0x154 Core/Src/main.o
 .debug_macro   0x0000000000011d37      0x2c6 Core/Src/st7735.o
 .debug_macro   0x0000000000011ffd       0x18 Core/Src/st7735.o
 .debug_macro   0x0000000000012015       0x46 Core/Src/st7735.o
 .debug_macro   0x000000000001205b       0x3c Core/Src/st7735.o
 .debug_macro   0x0000000000012097       0x34 Core/Src/st7735.o
 .debug_macro   0x00000000000120cb       0x16 Core/Src/st7735.o
 .debug_macro   0x00000000000120e1       0x35 Core/Src/st7735.o
 .debug_macro   0x0000000000012116       0x52 Core/Src/st7735.o
 .debug_macro   0x0000000000012168       0x1f Core/Src/st7735.o
 .debug_macro   0x0000000000012187       0x43 Core/Src/st7735.o
 .debug_macro   0x00000000000121ca       0x20 Core/Src/st7735.o
 .debug_macro   0x00000000000121ea      0x1a3 Core/Src/st7735.o
 .debug_macro   0x000000000001238d      0x32a Core/Src/st7735.o
 .debug_macro   0x00000000000126b7       0x16 Core/Src/st7735.o
 .debug_macro   0x00000000000126cd       0x29 Core/Src/st7735.o
 .debug_macro   0x00000000000126f6      0x194 Core/Src/stm32f1xx_hal_msp.o
 .debug_macro   0x000000000001288a      0x19e Core/Src/stm32f1xx_it.o
 .debug_macro   0x0000000000012a28      0x18b Core/Src/system_stm32f1xx.o
 .debug_macro   0x0000000000012bb3      0x1a9 Drivers/STM32F1xx_HAL_Driver/Src/stm32f1xx_hal.o
 .debug_macro   0x0000000000012d5c      0x185 Drivers/STM32F1xx_HAL_Driver/Src/stm32f1xx_hal_cortex.o
 .debug_macro   0x0000000000012ee1      0x1f0 Drivers/STM32F1xx_HAL_Driver/Src/stm32f1xx_hal_gpio.o
 .debug_macro   0x00000000000130d1      0x197 Drivers/STM32F1xx_HAL_Driver/Src/stm32f1xx_hal_rcc.o
 .debug_macro   0x0000000000013268      0x18d Drivers/STM32F1xx_HAL_Driver/Src/stm32f1xx_hal_spi.o

.debug_line     0x0000000000000000     0x5bd5
 .debug_line    0x0000000000000000      0x38a Core/Src/fonts.o
 .debug_line    0x000000000000038a      0x77f Core/Src/main.o
 .debug_line    0x0000000000000b09      0xc7f Core/Src/st7735.o
 .debug_line    0x0000000000001788      0x632 Core/Src/stm32f1xx_hal_msp.o
 .debug_line    0x0000000000001dba      0x6a8 Core/Src/stm32f1xx_it.o
 .debug_line    0x0000000000002462      0x635 Core/Src/system_stm32f1xx.o
 .debug_line    0x0000000000002a97       0x84 Core/Startup/startup_stm32f103c8tx.o
 .debug_line    0x0000000000002b1b      0x7dd Drivers/STM32F1xx_HAL_Driver/Src/stm32f1xx_hal.o
 .debug_line    0x00000000000032f8      0x8b6 Drivers/STM32F1xx_HAL_Driver/Src/stm32f1xx_hal_cortex.o
 .debug_line    0x0000000000003bae      0x7dd Drivers/STM32F1xx_HAL_Driver/Src/stm32f1xx_hal_gpio.o
 .debug_line    0x000000000000438b      0x89f Drivers/STM32F1xx_HAL_Driver/Src/stm32f1xx_hal_rcc.o
 .debug_line    0x0000000000004c2a      0xfab Drivers/STM32F1xx_HAL_Driver/Src/stm32f1xx_hal_spi.o

.debug_str      0x0000000000000000    0x69573
 .debug_str     0x0000000000000000     0x3ade Core/Src/fonts.o
                                       0x3c61 (size before relaxing)
 .debug_str     0x0000000000003ade    0x611c4 Core/Src/main.o
                                      0x65003 (size before relaxing)
 .debug_str     0x0000000000064ca2     0x3553 Core/Src/st7735.o
                                      0x680b6 (size before relaxing)
 .debug_str     0x00000000000681f5       0x81 Core/Src/stm32f1xx_hal_msp.o
                                      0x64609 (size before relaxing)
 .debug_str     0x0000000000068276       0xbd Core/Src/stm32f1xx_it.o
                                      0x641fb (size before relaxing)
 .debug_str     0x0000000000068333       0xc2 Core/Src/system_stm32f1xx.o
                                      0x64173 (size before relaxing)
 .debug_str     0x00000000000683f5       0x36 Core/Startup/startup_stm32f103c8tx.o
                                         0x7a (size before relaxing)
 .debug_str     0x000000000006842b      0x3c5 Drivers/STM32F1xx_HAL_Driver/Src/stm32f1xx_hal.o
                                      0x64784 (size before relaxing)
 .debug_str     0x00000000000687f0      0x2c8 Drivers/STM32F1xx_HAL_Driver/Src/stm32f1xx_hal_cortex.o
                                      0x64792 (size before relaxing)
 .debug_str     0x0000000000068ab8      0x324 Drivers/STM32F1xx_HAL_Driver/Src/stm32f1xx_hal_gpio.o
                                      0x644bd (size before relaxing)
 .debug_str     0x0000000000068ddc      0x263 Drivers/STM32F1xx_HAL_Driver/Src/stm32f1xx_hal_rcc.o
                                      0x644f6 (size before relaxing)
 .debug_str     0x000000000006903f      0x534 Drivers/STM32F1xx_HAL_Driver/Src/stm32f1xx_hal_spi.o
                                      0x649e4 (size before relaxing)

.comment        0x0000000000000000       0x7b
 .comment       0x0000000000000000       0x7b Core/Src/fonts.o
                                         0x7c (size before relaxing)
 .comment       0x000000000000007b       0x7c Core/Src/main.o
 .comment       0x000000000000007b       0x7c Core/Src/st7735.o
 .comment       0x000000000000007b       0x7c Core/Src/stm32f1xx_hal_msp.o
 .comment       0x000000000000007b       0x7c Core/Src/stm32f1xx_it.o
 .comment       0x000000000000007b       0x7c Core/Src/system_stm32f1xx.o
 .comment       0x000000000000007b       0x7c Drivers/STM32F1xx_HAL_Driver/Src/stm32f1xx_hal.o
 .comment       0x000000000000007b       0x7c Drivers/STM32F1xx_HAL_Driver/Src/stm32f1xx_hal_cortex.o
 .comment       0x000000000000007b       0x7c Drivers/STM32F1xx_HAL_Driver/Src/stm32f1xx_hal_gpio.o
 .comment       0x000000000000007b       0x7c Drivers/STM32F1xx_HAL_Driver/Src/stm32f1xx_hal_rcc.o
 .comment       0x000000000000007b       0x7c Drivers/STM32F1xx_HAL_Driver/Src/stm32f1xx_hal_spi.o

.debug_ranges   0x0000000000000000      0x650
 .debug_ranges  0x0000000000000000       0x48 Core/Src/main.o
 .debug_ranges  0x0000000000000048      0x118 Core/Src/st7735.o
 .debug_ranges  0x0000000000000160       0x20 Core/Src/stm32f1xx_hal_msp.o
 .debug_ranges  0x0000000000000180       0x50 Core/Src/stm32f1xx_it.o
 .debug_ranges  0x00000000000001d0       0x18 Core/Src/system_stm32f1xx.o
 .debug_ranges  0x00000000000001e8       0x20 Core/Startup/startup_stm32f103c8tx.o
 .debug_ranges  0x0000000000000208       0xd0 Drivers/STM32F1xx_HAL_Driver/Src/stm32f1xx_hal.o
 .debug_ranges  0x00000000000002d8       0xf0 Drivers/STM32F1xx_HAL_Driver/Src/stm32f1xx_hal_cortex.o
 .debug_ranges  0x00000000000003c8       0x48 Drivers/STM32F1xx_HAL_Driver/Src/stm32f1xx_hal_gpio.o
 .debug_ranges  0x0000000000000410       0x80 Drivers/STM32F1xx_HAL_Driver/Src/stm32f1xx_hal_rcc.o
 .debug_ranges  0x0000000000000490      0x1c0 Drivers/STM32F1xx_HAL_Driver/Src/stm32f1xx_hal_spi.o

.debug_frame    0x0000000000000000     0x1b48
 .debug_frame   0x0000000000000000      0x120 Core/Src/main.o
 .debug_frame   0x0000000000000120      0x510 Core/Src/st7735.o
 .debug_frame   0x0000000000000630       0x80 Core/Src/stm32f1xx_hal_msp.o
 .debug_frame   0x00000000000006b0      0x10c Core/Src/stm32f1xx_it.o
 .debug_frame   0x00000000000007bc       0x58 Core/Src/system_stm32f1xx.o
 .debug_frame   0x0000000000000814      0x334 Drivers/STM32F1xx_HAL_Driver/Src/stm32f1xx_hal.o
 .debug_frame   0x0000000000000b48      0x428 Drivers/STM32F1xx_HAL_Driver/Src/stm32f1xx_hal_cortex.o
 .debug_frame   0x0000000000000f70      0x14c Drivers/STM32F1xx_HAL_Driver/Src/stm32f1xx_hal_gpio.o
 .debug_frame   0x00000000000010bc      0x21c Drivers/STM32F1xx_HAL_Driver/Src/stm32f1xx_hal_rcc.o
 .debug_frame   0x00000000000012d8      0x824 Drivers/STM32F1xx_HAL_Driver/Src/stm32f1xx_hal_spi.o
 .debug_frame   0x0000000000001afc       0x2c c:/st/stm32cubeide_1.3.0/stm32cubeide/plugins/com.st.stm32cube.ide.mcu.externaltools.gnu-tools-for-stm32.7-2018-q2-update.win32_1.0.0.201904181610/tools/bin/../lib/gcc/arm-none-eabi/7.3.1/../../../../arm-none-eabi/lib/thumb/v7-m\libc_nano.a(lib_a-init.o)
 .debug_frame   0x0000000000001b28       0x20 c:/st/stm32cubeide_1.3.0/stm32cubeide/plugins/com.st.stm32cube.ide.mcu.externaltools.gnu-tools-for-stm32.7-2018-q2-update.win32_1.0.0.201904181610/tools/bin/../lib/gcc/arm-none-eabi/7.3.1/../../../../arm-none-eabi/lib/thumb/v7-m\libc_nano.a(lib_a-memset.o)
